ERROR 2026-09-20T22:08:39 supybot Invalid user dictionary file, resetting to empty.
ERROR 2026-09-20T22:08:39 supybot Exact error: FileNotFoundError: [Errno 2] No such file or directory: '/Users/matthieumerlyn/Git/limnoria/runbot/conf/users.conf'
ERROR 2026-09-20T22:08:39 supybot Invalid channel database, resetting to empty.
ERROR 2026-09-20T22:08:39 supybot Exact error: FileNotFoundError: [Errno 2] No such file or directory: '/Users/matthieumerlyn/Git/limnoria/runbot/conf/channels.conf'
ERROR 2026-09-20T22:08:39 supybot Invalid network database, resetting to empty.
ERROR 2026-09-20T22:08:39 supybot Exact error: FileNotFoundError: [Errno 2] No such file or directory: '/Users/matthieumerlyn/Git/limnoria/runbot/conf/networks.conf'
WARNING 2026-09-20T22:08:39 supybot Couldn't open ignore database: [Errno 2] No such file or directory: '/Users/matthieumerlyn/Git/limnoria/runbot/conf/ignores.conf'
ERROR 2026-09-20T22:10:25 supybot Cannot use GPG. python-gnupg is installed but cannot find the gnupg executable.
INFO 2026-09-20T22:17:44 supybot Shutdown initiated.
INFO 2026-09-20T22:17:44 supybot Killing Driver objects.
INFO 2026-09-20T22:17:44 supybot Killing Irc objects.
INFO 2026-09-20T22:17:44 supybot Shutdown complete.
INFO 2026-09-20T22:17:57 supybot Connecting to irc.libera.chat:6697.
WARNING 2026-09-20T22:17:57 supybot Not checking SSL certificates, connections are vulnerable to man-in-the-middle attacks. Set supybot.protocols.ssl.verifyCertificates to "true" to enable validity checks.
ERROR 2026-09-20T22:17:58 supybot Cannot use GPG. python-gnupg is installed but cannot find the gnupg executable.
INFO 2026-09-20T22:17:58 supybot Starting Limnoria 2026.05.08 on Python 3.12.8 (main, Dec 13 2024, 17:15:45) [Clang 16.0.0 (clang-1600.0.26.4)]
INFO 2026-09-20T22:18:04 supybot Server ruthenium.libera.chat has version solanum-1.0-dev
INFO 2026-09-20T22:18:04 supybot Got start of MOTD from ruthenium.libera.chat
INFO 2026-09-20T22:18:05 supybot Got end of MOTD from ruthenium.libera.chat
INFO 2026-09-20T22:18:13 supybot Join to #alosta on libera synced in 2.84 seconds.
INFO 2026-09-20T22:18:54 supybot Exiting due to Ctrl-C.  If the bot doesn't exit within a few seconds, feel free to press Ctrl-C again to make it exit without flushing its message queues.
INFO 2026-09-20T22:18:54 supybot Flushers flushed and garbage collected.
INFO 2026-09-20T22:18:54 supybot Driver for Irc object for libera dying.
INFO 2026-09-20T22:18:54 supybot Irc object for libera dying.
INFO 2026-09-20T22:18:54 supybot Driver for Irc object for libera dying.
INFO 2026-09-20T22:18:54 supybot Removing driver SocketDriver(Irc object for libera).
INFO 2026-09-20T22:18:54 supybot Total uptime: 57 seconds.
INFO 2026-09-20T22:18:54 supybot Total CPU time taken: 0.34 seconds.
INFO 2026-09-20T22:18:54 supybot No more Irc objects, exiting.
INFO 2026-09-20T22:18:54 supybot Shutdown initiated.
INFO 2026-09-20T22:18:54 supybot Killing Driver objects.
INFO 2026-09-20T22:18:54 supybot Killing Irc objects.
INFO 2026-09-20T22:18:54 supybot Writing registry file to MerlynBot.conf
INFO 2026-09-20T22:18:54 supybot Finished writing registry file.
INFO 2026-09-20T22:18:54 supybot Shutdown complete.
